26Y-06-25 13:54:01 | INFO     | 060adaebb1db | 请求入站：GET /
26Y-06-25 13:54:01 | INFO     | 060adaebb1db | 请求出站：404
26Y-06-25 13:54:29 | INFO     | 3f64aaa3e101 | 请求入站：GET /docs
26Y-06-25 13:54:29 | INFO     | 3f64aaa3e101 | 请求出站：200
26Y-06-25 13:54:29 | INFO     | 973206d1f950 | 请求入站：GET /openapi.json
26Y-06-25 13:54:29 | INFO     | 973206d1f950 | 请求出站：200
26Y-06-25 13:58:55 | INFO     | 74404f5b7b88 | 请求入站：POST /register
26Y-06-25 13:58:55 | INFO     | 74404f5b7b88 | 请求出站：200
26Y-06-25 13:59:15 | INFO     | 11c04579ae4d | 请求入站：POST /login
26Y-06-25 13:59:15 | INFO     | 11c04579ae4d | 请求出站：200
26Y-06-25 14:02:51 | INFO     | ed429ea72624 | 请求入站：POST /sms/send
26Y-06-25 14:02:51 | INFO     | ed429ea72624 | 发送短信到18996308034，验证码347145
26Y-06-25 14:02:51 | INFO     | ed429ea72624 | 请求出站：200
26Y-06-25 14:03:20 | INFO     | e6489e29619a | 请求入站：POST /sms/login
26Y-06-25 14:03:20 | INFO     | e6489e29619a | 请求出站：400
26Y-06-25 14:05:50 | INFO     | 767bf66978e9 | 请求入站：GET /sms/login
26Y-06-25 14:05:50 | INFO     | 767bf66978e9 | 请求出站：405
26Y-06-25 14:06:16 | INFO     | 02f9a66fde03 | 请求入站：POST /sms/login
26Y-06-25 14:06:16 | INFO     | 02f9a66fde03 | 请求出站：200
26Y-06-25 14:06:32 | INFO     | 969627be0cef | 请求入站：POST /sms/login
26Y-06-25 14:06:32 | INFO     | 969627be0cef | 请求出站：400
26Y-06-25 14:06:41 | INFO     | 3078d029165a | 请求入站：POST /sms/login
26Y-06-25 14:06:41 | INFO     | 3078d029165a | 请求出站：400
26Y-06-25 14:06:45 | INFO     | 8c98dcb8a32f | 请求入站：POST /sms/login
26Y-06-25 14:06:45 | INFO     | 8c98dcb8a32f | 请求出站：400
26Y-06-25 14:06:48 | INFO     | 2cef5c83ad04 | 请求入站：POST /sms/login
26Y-06-25 14:06:48 | INFO     | 2cef5c83ad04 | 请求出站：400
26Y-06-25 14:06:49 | INFO     | a4a27a5eb21e | 请求入站：POST /sms/login
26Y-06-25 14:06:49 | INFO     | a4a27a5eb21e | 请求出站：400
26Y-06-25 14:07:43 | INFO     | 17b9375ab7d3 | 请求入站：POST /sms/lsend
26Y-06-25 14:07:43 | INFO     | 17b9375ab7d3 | 请求出站：404
26Y-06-25 14:07:51 | INFO     | 0471afdfb823 | 请求入站：POST /sms/lsend
26Y-06-25 14:07:51 | INFO     | 0471afdfb823 | 请求出站：404
26Y-06-25 14:07:56 | INFO     | f17298f7d53c | 请求入站：POST /sms/lsend
26Y-06-25 14:07:56 | INFO     | f17298f7d53c | 请求出站：404
26Y-06-25 14:07:57 | INFO     | 4e198e2d2b6d | 请求入站：POST /sms/lsend
26Y-06-25 14:07:57 | INFO     | 4e198e2d2b6d | 请求出站：404
26Y-06-25 14:09:07 | INFO     | 2e273165bbf5 | 请求入站：POST /login
26Y-06-25 14:09:07 | INFO     | 2e273165bbf5 | 请求出站：200
26Y-06-25 14:09:43 | INFO     | 23792e7ae1a3 | 请求入站：POST /login
26Y-06-25 14:09:44 | INFO     | 23792e7ae1a3 | 请求出站：200
26Y-06-25 14:10:18 | INFO     | b5b205bbd82b | 请求入站：POST /upload/avatar
26Y-06-25 14:10:18 | INFO     | b5b205bbd82b | 用户鉴权成功：老曾
26Y-06-25 14:10:18 | INFO     | b5b205bbd82b | 请求出站：200
26Y-06-25 14:11:14 | INFO     | 5cddd98536f3 | 请求入站：POST /upload/callback
26Y-06-25 14:11:14 | INFO     | 5cddd98536f3 | 用户鉴权成功：老曾
26Y-06-25 14:11:14 | INFO     | 5cddd98536f3 | 请求出站：422
26Y-06-25 14:11:33 | INFO     | 05bf66f69b58 | 请求入站：POST /upload/callback
26Y-06-25 14:11:33 | INFO     | 05bf66f69b58 | 用户鉴权成功：老曾
26Y-06-25 14:11:33 | INFO     | 05bf66f69b58 | 请求出站：200
26Y-06-25 14:12:25 | INFO     | ded73bd19eab | 请求入站：GET /user/profile
26Y-06-25 14:12:25 | INFO     | ded73bd19eab | 用户鉴权成功：老曾
26Y-06-25 14:12:25 | INFO     | ded73bd19eab | 请求出站：200
